SQL> 
SQL> set serveroutput on
SQL> set echo on
SQL> 
SQL> --Jonathan Hand
SQL> --IS 480
SQL> --Final Project
SQL> 
SQL> create or replace Package Enroll as
  2  --just addme and drop me in spec
  3  --procedure DropMe
  4  
  5  	 procedure AddMe
  6  	     (p_snum students.snum%type,
  7  	     p_CallNum schClasses.callnum%type);
  8  	 procedure DropMe
  9  	     (p_snum students.snum%type,
 10  	     p_CallNum schClasses.callnum%type);
 11  
 12  end Enroll;
 13  /

Package created.

SQL> show errors;
No errors.
SQL> create or replace Package body Enroll as
  2  -----------------------------------ADD ME PROCEDURES--------------------------------
  3  	 procedure check_snum
  4  	     (p_snum students.snum%type,
  5  	     p_answer IN OUT varchar2) as --out keyword to let know being passed out of procedure
  6  	     v_count number;
  7  
  8  	 begin
  9  	     select count(snum) into v_count
 10  	     from students
 11  	     where snum = p_snum;
 12  	     if v_count = 0 then
 13  		 p_answer:= p_answer || 'Invalid Student Number, ';
 14  
 15  	     end if;
 16  	 end;
 17  
 18  	 PROCEDURE check_CALLNUM
 19  	     (p_callnum schclasses.callnum%type,
 20  	     p_answer IN OUT varchar2) as
 21  	     v_count number;
 22  
 23  	 begin
 24  	     select count(*) into v_count
 25  	     from schclasses
 26  	     where callnum = p_callnum;
 27  	     if v_count = 0 then
 28  		 p_answer := p_answer || 'Invalid Call Number, ';
 29  	     end if;
 30  	 end;
 31  
 32  	 procedure check_15hr
 33  	     (p_snum students.snum%type,
 34  	     p_CallNum schClasses.callnum%type, p_answer IN OUT varchar2) as
 35  	     v_stuStanding number;
 36  	     v_courseStanding number;
 37  	     v_creditEnrolled number;
 38  	     v_creditWant number;
 39  	 begin
 40  	 /*
 41  	 --this is for comparing standing TODO: Take out later
 42  	     select standing into v_stuStanding
 43  	     from students
 44  	     where sNum = p_snum;
 45  
 46  	     select standing into v_courseStanding
 47  	     from schclasses s, courses c
 48  	     where p_callNum = s.callnum and c.dept=s.dept and c.cnum = s.cnum;
 49  */
 50  	     select nvl(sum(c.CRHR), 0) into v_creditEnrolled
 51  	     from courses c, enrollments e, schclasses s
 52  	     where c.dept=s.dept and c.cnum = s.cnum and e.callnum = s.callnum and e.snum = p_snum;
 53  
 54  	     select c.crhr into v_creditWant
 55  	     from courses c, schclasses s
 56  	     where p_callnum = s.callnum and c.dept=s.dept and c.cnum = s.cnum;
 57  
 58  	     if (v_creditEnrolled + v_creditWant) > 15 then
 59  		 p_answer := p_answer || 'Too many units to register, ';
 60  	     end if;
 61  	 end;
 62  
 63  	 procedure doubleEnrollment
 64  	     (p_snum students.snum%type,
 65  	     p_CallNum schClasses.callnum%type, p_error IN OUT varchar2) as
 66  	     v_enrDept varchar2(10);
 67  	     v_enrCnum varchar2(10);
 68  
 69  	     cursor cur_class is
 70  		 select s.callNum, s.dept, s.cnum, s.section
 71  		 from schClasses s, enrollments e
 72  		 where e.snum = p_snum and s.callnum = e.callnum;
 73  
 74  	 begin
 75  	     select dept into v_enrDept
 76  	     from schClasses
 77  	     where callnum = p_callNum;
 78  
 79  	     select Cnum into v_enrCnum
 80  	     from schClasses
 81  	     where callnum = p_callNum;
 82  
 83  
 84  	     for eachClass in cur_class loop
 85  		 if (v_enrDept = eachClass.dept and v_enrCnum = eachClass.Cnum) then
 86  		     p_error := p_error || 'Enrolled in another section already, ';
 87  		     exit;
 88  		 end if;
 89  	     end loop;
 90  	 end;
 91  
 92  	 procedure repeatEnrollment
 93  	     (p_snum students.snum%type,
 94  	     p_CallNum schClasses.callnum%type, p_error IN OUT varchar2) as
 95  
 96  	     cursor cur_enr is
 97  		 select s.callNum, e.snum
 98  		 from schClasses s, enrollments e
 99  		 where e.snum = p_snum and s.callnum = e.callNum;
100  
101  	 begin
102  	     for eachEnr in cur_enr loop
103  		 if (eachEnr.callNum = p_callNum) then
104  		     p_error := p_error || 'Repeat Enrollment, ';
105  		     exit;
106  		 end if;
107  	     end loop;
108  	 end;
109  
110  	 --select standing from students, compare to course want to enroll standing
111  	 --(join courses and schclasses)
112  	 procedure standingRequirement
113  	     (p_snum students.snum%type,
114  	     p_CallNum schClasses.callnum%type, p_error IN OUT varchar2) as
115  	     v_stuStanding number(1);
116  	     v_courseStanding number(1);
117  
118  	 begin
119  	     select standing into v_stuStanding
120  	     from students
121  	     where students.snum = p_snum;
122  
123  	     select c.standing into v_courseStanding
124  	     from courses c, schClasses sch
125  	     where sch.callnum = p_callNum and sch.Dept = c.Dept and sch.Cnum = c.cNum;
126  
127  	     if v_stuStanding < v_courseStanding then
128  		 p_error := p_error || 'Student standing too low, ';
129  	     end if;
130  	 end;
131  
132  	 procedure undeclaredMajor
133  	     (p_snum students.snum%type,
134  	     p_CallNum schClasses.callnum%type, p_error IN OUT varchar2) as
135  	     v_stuStanding number(1);
136  	     v_stuMajor students.Major%type;
137  
138  	 begin
139  	     select standing into v_stuStanding
140  	     from students
141  	     where students.snum = p_snum;
142  
143  	     select major into v_stuMajor
144  	     from students
145  	     where students.snum = p_snum;
146  
147  	     if (v_stuStanding >= 3) then
148  		 if (v_stuMajor is null) then
149  		     p_error := p_error || 'Need to declare major to enroll, ';
150  		 end if;
151  	     end if;
152  
153  	 end;
154  
155  	 procedure check_capacity
156  	     (p_snum students.snum%type,
157  	     p_callnum schClasses.callnum%type,
158  	     p_answer IN OUT varchar2,
159  	     p_full IN OUT boolean) AS
160  	     v_capacity number(3);
161  	     v_reservedG number(3);
162  	     v_reservedN number(3);
163  	     v_reserved number(3);
164  
165  	 begin
166  	     select sch.capacity into v_capacity
167  	     from schClasses sch
168  	     where p_callnum = sch.callnum;
169  
170  	     select count(e.callnum) into v_reservedG
171  	     from enrollments e, schClasses sch
172  	     where sch.callnum = e.callnum and e.callnum = p_callnum and e.grade != 'W';
173  
174  	     select count(e.callnum) into v_reservedN
175  	     from enrollments e, schClasses sch
176  	     where sch.callnum = e.callnum and e.callnum = p_callnum and e.grade is null;
177  
178  	     v_reserved := v_reservedG + v_reservedN;
179  
180  	     if (v_reserved >= v_capacity) then
181  		 p_answer := p_answer || 'Class is full, ';
182  		 p_full := true;
183  	     end if;
184  	 end;
185  
186  	 procedure checkWaitlist
187  	     (p_snum students.snum%type,
188  	     p_callnum schClasses.callnum%type,
189  	     p_answer IN OUT varchar2,
190  	     p_waitlisted IN OUT boolean) as
191  	     v_onWaitList number(1);
192  
193  	 begin
194  	     p_waitListed := false;
195  	     select count(snum) into v_onWaitList
196  	     from waitlist
197  	     where snum = p_snum and callnum = p_callnum;
198  
199  	     if (v_onWaitList > 0) then
200  		 p_waitlisted := true;
201  		 dbms_output.put_line('Already on the waitlist for course number ' || p_callNum || '.');
202  	     end if;
203  	 end;
204  
205  	 procedure addToWaitList
206  	     (p_snum students.snum%type,
207  	     p_callnum schClasses.callnum%type) as
208  	 begin
209  	     insert into waitlist values (p_snum, p_callnum, (select current_timestamp from dual));
210  	     dbms_output.put_line('Student number ' || p_snum || ' is now on the waiting list for class number ' || p_callNum || '.');
211  	 end;
212  
213  
214  ---------------------------ADD ME MAIN---------------------------------------------------
215  	 procedure AddMe
216  	 (p_snum students.snum%type,
217  	 p_CallNum schClasses.callnum%type) as
218  	 v_errors varchar2(1000);
219  	 v_full boolean;
220  	 v_waitlisted boolean;
221  
222  	 begin
223  	     --num1
224  	     check_snum(p_snum, v_errors); --check valid student number
225  	     check_callnum(p_CallNum, v_errors); --check valid call number
226  	     if (v_errors is null) then
227  		 --num2
228  		 repeatEnrollment(p_snum, p_callnum, v_errors);
229  		     --check enrollments if snum already enrolled in callnum (past or present)
230  		 --num3
231  		 doubleEnrollment(p_snum, p_callNum, v_errors);
232  		     --cursor to loop through all of enrollments where snum = student.snum
233  		     --for each record:
234  			 --check schclasses.dept and cnum does not match p_callnum dept and cnum
235  			 --if matches, add to v_error message
236  		 --num4
237  		 check_15hr(p_snum, p_callNum, v_errors); --check enrolling will not exceed 15 credits for student
238  		 --num5
239  		     --select standing from students, compare to course want to enroll standing (join courses and schclasses)
240  		 standingRequirement(p_snum, p_callNum, v_errors);
241  		 --num6
242  		 undeclaredMajor(p_snum, p_callNum, v_errors);
243  		     --select standing from students
244  		     --if standing 3 or 4 then
245  			 --check students.major not null
246  			 --if major null
247  			     --error
248  		 --num7
249  		 --if (v_errors is null) then
250  
251  
252  		 --TODO: num8
253  
254  			     --check if stunum on waitlist table
255  			     --num9
256  				 --if not on waitlist with that call num then
257  				     --insert into waitlist table
258  				     --print stu num is now on wait list
259  				 --else
260  				     --print you're already waitlisted for that
261  
262  		 --end if;
263  		-- if (v_errors is not null) then
264  		     --checkWaitlist
265  
266  		 if (v_errors is null) then
267  		 check_capacity(p_snum, p_callnum, v_errors, v_full);
268  		     if(v_full = true) then
269  			 --num8
270  			 checkWaitlist(p_snum, p_callnum, v_errors, v_waitlisted);
271  			 if (v_waitlisted = false) then
272  			     addToWaitList(p_snum, p_callNum);
273  			 end if;
274  		     else
275  			 insert into enrollments (snum, callnum) values (p_snum, p_callnum);
276  			 dbms_output.put_line('Successfully Enrolled!');
277  			 commit;
278  		     end if;
279  		 else
280  		     dbms_output.put_line(v_errors);
281  		 end if;
282  	     else --num1: if snum and/or callnum invalid, skip to here
283  		 dbms_output.put_line(v_errors); --skip rest of program and print errors
284  	     end if;
285  	 end;
286  ----------------------DROP ME PROCEDURES-----------------------------------------------------------
287  	 procedure notEnrolled
288  	     (p_snum students.snum%type,
289  	     p_callnum schClasses.callnum%type,
290  	     p_errors IN OUT varchar2) as
291  	     v_enrollmentCount number(1);
292  	 begin
293  	     select count(snum) into v_enrollmentCount
294  	     from enrollments
295  	     where snum = p_snum and callNum = p_callNum; --add to not count 'W', because means dropped, so they can retake
296  
297  	     if (v_enrollmentCount != 1) then
298  		 p_errors := p_errors || 'Not currently enrolled in that course, ';
299  	     end if;
300  	 end;
301  
302  	 procedure alreadyGraded
303  	     (p_snum students.snum%type,
304  	     p_callnum schClasses.callnum%type,
305  	     p_errors IN OUT varchar2) as
306  	     v_grade varchar(1);
307  
308  	 begin
309  	     select grade into v_grade
310  	     from enrollments
311  	     where snum = p_snum and callnum = p_callnum;
312  
313  	     if (v_grade is not null) then
314  	     p_errors := p_errors || 'Grade already inputted cannot drop, ';
315  	     dbms_output.put_line('already graded');
316  	     end if;
317  	 end;
318  ---------------------------DROP ME MAIN--------------------------------------------
319  	 procedure DropMe
320  	     (p_snum students.snum%type,
321  	     p_CallNum schClasses.callnum%type) as
322  	     v_errors varchar2(1000);
323  
324  	 begin
325  	     --num1
326  	     check_snum(p_snum, v_errors); --check valid student number
327  	     check_callnum(p_CallNum, v_errors); --check valid call number
328  	     if (v_errors is null) then
329  	     --num2
330  		 notEnrolled(p_snum, p_callNum, v_errors);
331  		 if (v_errors is null) then --checks to make sure was actually enrolled in course
332  		     --num3
333  		     alreadyGraded(p_snum, p_callnum, v_errors);
334  		 end if;
335  	     end if;
336  	 end;
337  
338  end enroll;
339  /

Package body created.

SQL> show errors;
No errors.
SQL> 
SQL> begin
  2  	 Enroll.dropme(101, 10110);
  3  
  4  end;
  5  /
already graded                                                                  

PL/SQL procedure successfully completed.

SQL> 
SQL> spool off;
